// Vitest Snapshot v1, https://vitest.dev/guide/snapshot.html

exports[`Navbar component > Navbar should render correctly 1`] = `
<div>
  <div
    class="_navbar_d78bf3"
  >
    <a
      data-discover="true"
      href="/"
    >
      Home
    </a>
    <a
      data-discover="true"
      href="/shop"
    >
      Shop
    </a>
    <a
      data-discover="true"
      href="/cart"
    >
      Cart
    </a>
  </div>
</div>
`;
